\BOOKMARK [1][-]{section.1}{\376\377\000I\000n\000t\000r\000o\000d\000u\000c\000t\000i\000o\000n}{}% 1
\BOOKMARK [1][-]{section.2}{\376\377\000O\000v\000e\000r\000a\000l\000l\000\040\000O\000v\000e\000r\000v\000i\000e\000w}{}% 2
\BOOKMARK [2][-]{subsection.2.1}{\376\377\000P\000r\000o\000j\000e\000c\000t\000\040\000P\000o\000s\000i\000t\000i\000o\000n\000i\000n\000g}{section.2}% 3
\BOOKMARK [2][-]{subsection.2.2}{\376\377\000U\000s\000e\000r\000s\000\040\000a\000n\000d\000\040\000R\000u\000n\000t\000i\000m\000e\000\040\000E\000n\000v\000i\000r\000o\000n\000m\000e\000n\000t\000s}{section.2}% 4
\BOOKMARK [2][-]{subsection.2.3}{\376\377\000T\000e\000c\000h\000n\000o\000l\000o\000g\000y\000\040\000P\000r\000o\000f\000i\000l\000e}{section.2}% 5
\BOOKMARK [2][-]{subsection.2.4}{\376\377\000D\000e\000p\000l\000o\000y\000m\000e\000n\000t\000\040\000M\000o\000d\000e\000l\000\040\000a\000n\000d\000\040\000C\000o\000n\000s\000t\000r\000a\000i\000n\000t\000s}{section.2}% 6
\BOOKMARK [1][-]{section.3}{\376\377\000S\000y\000s\000t\000e\000m\000\040\000A\000r\000c\000h\000i\000t\000e\000c\000t\000u\000r\000e\000\040\000D\000e\000s\000i\000g\000n}{}% 7
\BOOKMARK [2][-]{subsection.3.1}{\376\377\000A\000r\000c\000h\000i\000t\000e\000c\000t\000u\000r\000e\000\040\000O\000v\000e\000r\000v\000i\000e\000w}{section.3}% 8
\BOOKMARK [2][-]{subsection.3.2}{\376\377\000C\000l\000i\000e\000n\000t\000\040\000L\000a\000y\000e\000r\000\040\000D\000e\000s\000i\000g\000n}{section.3}% 9
\BOOKMARK [2][-]{subsection.3.3}{\376\377\000B\000a\000c\000k\000e\000n\000d\000\040\000S\000e\000r\000v\000i\000c\000e\000\040\000D\000e\000s\000i\000g\000n}{section.3}% 10
\BOOKMARK [2][-]{subsection.3.4}{\376\377\000D\000a\000t\000a\000\040\000a\000n\000d\000\040\000I\000n\000t\000e\000g\000r\000a\000t\000i\000o\000n\000\040\000L\000a\000y\000e\000r\000\040\000D\000e\000s\000i\000g\000n}{section.3}% 11
\BOOKMARK [2][-]{subsection.3.5}{\376\377\000S\000e\000c\000u\000r\000i\000t\000y\000\040\000a\000n\000d\000\040\000A\000c\000c\000e\000s\000s\000\040\000I\000s\000o\000l\000a\000t\000i\000o\000n}{section.3}% 12
\BOOKMARK [1][-]{section.4}{\376\377\000M\000o\000d\000u\000l\000e\000\040\000D\000e\000s\000i\000g\000n}{}% 13
\BOOKMARK [2][-]{subsection.4.1}{\376\377\000R\000i\000d\000e\000r\000\040\000M\000o\000d\000u\000l\000e}{section.4}% 14
\BOOKMARK [2][-]{subsection.4.2}{\376\377\000D\000i\000s\000p\000a\000t\000c\000h\000e\000r\000\040\000M\000o\000d\000u\000l\000e}{section.4}% 15
\BOOKMARK [2][-]{subsection.4.3}{\376\377\000A\000d\000m\000i\000n\000\040\000M\000o\000d\000u\000l\000e}{section.4}% 16
\BOOKMARK [2][-]{subsection.4.4}{\376\377\000S\000h\000a\000r\000e\000d\000\040\000B\000a\000c\000k\000e\000n\000d\000\040\000S\000e\000r\000v\000i\000c\000e\000s}{section.4}% 17
\BOOKMARK [1][-]{section.5}{\376\377\000D\000a\000t\000a\000b\000a\000s\000e\000\040\000D\000e\000s\000i\000g\000n}{}% 18
\BOOKMARK [2][-]{subsection.5.1}{\376\377\000M\000a\000i\000n\000\040\000t\000a\000b\000l\000e\000s}{section.5}% 19
\BOOKMARK [2][-]{subsection.5.2}{\376\377\000R\000e\000l\000a\000t\000i\000o\000n\000s\000h\000i\000p\000\040\000a\000n\000d\000\040\000i\000n\000d\000e\000x\000i\000n\000g\000\040\000d\000e\000s\000i\000g\000n}{section.5}% 20
\BOOKMARK [1][-]{section.6}{\376\377\000I\000n\000t\000e\000r\000f\000a\000c\000e\000\040\000D\000e\000s\000i\000g\000n}{}% 21
\BOOKMARK [2][-]{subsection.6.1}{\376\377\000A\000P\000I\000\040\000i\000n\000v\000e\000n\000t\000o\000r\000y\000\040\000c\000o\000m\000p\000i\000l\000e\000d\000\040\000f\000r\000o\000m\000\040\000t\000h\000e\000\040\000d\000o\000c\000u\000m\000e\000n\000t\000a\000t\000i\000o\000n}{section.6}% 22
\BOOKMARK [3][-]{subsubsection.6.1.1}{\376\377\000R\000i\000d\000e\000r\000\040\000A\000P\000I\000\040\000i\000n\000v\000e\000n\000t\000o\000r\000y}{subsection.6.1}% 23
\BOOKMARK [3][-]{subsubsection.6.1.2}{\376\377\000D\000i\000s\000p\000a\000t\000c\000h\000e\000r\000\040\000A\000P\000I\000\040\000i\000n\000v\000e\000n\000t\000o\000r\000y}{subsection.6.1}% 24
\BOOKMARK [3][-]{subsubsection.6.1.3}{\376\377\000A\000d\000m\000i\000n\000\040\000A\000P\000I\000\040\000i\000n\000v\000e\000n\000t\000o\000r\000y}{subsection.6.1}% 25
\BOOKMARK [2][-]{subsection.6.2}{\376\377\000A\000u\000t\000h\000o\000r\000i\000z\000a\000t\000i\000o\000n}{section.6}% 26
\BOOKMARK [2][-]{subsection.6.3}{\376\377\000R\000e\000s\000p\000o\000n\000s\000e\000\040\000f\000o\000r\000m\000a\000t}{section.6}% 27
\BOOKMARK [1][-]{section.7}{\376\377\000N\000o\000n\000-\000f\000u\000n\000c\000t\000i\000o\000n\000a\000l\000\040\000D\000e\000s\000i\000g\000n}{}% 28
\BOOKMARK [2][-]{subsection.7.1}{\376\377\000S\000e\000c\000u\000r\000i\000t\000y\000\040\000d\000e\000s\000i\000g\000n}{section.7}% 29
\BOOKMARK [2][-]{subsection.7.2}{\376\377\000P\000e\000r\000f\000o\000r\000m\000a\000n\000c\000e\000\040\000d\000e\000s\000i\000g\000n}{section.7}% 30
\BOOKMARK [2][-]{subsection.7.3}{\376\377\000M\000a\000i\000n\000t\000a\000i\000n\000a\000b\000i\000l\000i\000t\000y\000\040\000d\000e\000s\000i\000g\000n}{section.7}% 31
\BOOKMARK [2][-]{subsection.7.4}{\376\377\000R\000e\000l\000i\000a\000b\000i\000l\000i\000t\000y\000\040\000d\000e\000s\000i\000g\000n}{section.7}% 32
\BOOKMARK [2][-]{subsection.7.5}{\376\377\000K\000n\000o\000w\000n\000\040\000l\000i\000m\000i\000t\000a\000t\000i\000o\000n\000s}{section.7}% 33
\BOOKMARK [1][-]{section.8}{\376\377\000S\000u\000m\000m\000a\000r\000y}{}% 34
