This is pdfTeX, Version 3.141592653-2.6-1.40.29 (TeX Live 2026) (preloaded format=pdflatex 2026.5.18)  18 MAY 2026 21:08
entering extended mode
 restricted \write18 enabled.
 file:line:error style messages enabled.
 %&-line parsing enabled.
**"d:/myprojects/Panda-Scooter/docs/design report/Panda_Scooter_design_report.tex"
(d:/MyProjects/Panda-Scooter/docs/design report/Panda_Scooter_design_report.tex
LaTeX2e <2025-11-01>
L3 programming layer <2026-04-28>
(d:/Programs/texlive/2026/texmf-dist/tex/latex/base/article.cls
Document Class: article 2025/01/22 v1.4n Standard LaTeX document class
(d:/Programs/texlive/2026/texmf-dist/tex/latex/base/size12.clo
File: size12.clo 2025/01/22 v1.4n Standard LaTeX file (size option)
)
\c@part=\count276
\c@section=\count277
\c@subsection=\count278
\c@subsubsection=\count279
\c@paragraph=\count280
\c@subparagraph=\count281
\c@figure=\count282
\c@table=\count283
\abovecaptionskip=\skip49
\belowcaptionskip=\skip50
\bibindent=\dimen150
) (d:/Programs/texlive/2026/texmf-dist/tex/latex/geometry/geometry.sty
Package: geometry 2026/03/07 v6.0 Page Geometry
 (d:/Programs/texlive/2026/texmf-dist/tex/latex/graphics/keyval.sty
Package: keyval 2022/05/29 v1.15 key=value parser (DPC)
\KV@toks@=\toks17
) (d:/Programs/texlive/2026/texmf-dist/tex/generic/iftex/ifvtex.sty
Package: ifvtex 2019/10/25 v1.7 ifvtex legacy package. Use iftex instead.
 (d:/Programs/texlive/2026/texmf-dist/tex/generic/iftex/iftex.sty
Package: iftex 2024/12/12 v1.0g TeX engine tests
))
\Gm@cnth=\count284
\Gm@cntv=\count285
\c@Gm@tempcnt=\count286
\Gm@bindingoffset=\dimen151
\Gm@wd@mp=\dimen152
\Gm@odd@mp=\dimen153
\Gm@even@mp=\dimen154
\Gm@layoutwidth=\dimen155
\Gm@layoutheight=\dimen156
\Gm@layouthoffset=\dimen157
\Gm@layoutvoffset=\dimen158
\Gm@dimlist=\toks18
) (d:/Programs/texlive/2026/texmf-dist/tex/latex/base/fontenc.sty
Package: fontenc 2025/07/18 v2.1d Standard LaTeX package
) (d:/Programs/texlive/2026/texmf-dist/tex/latex/base/inputenc.sty
Package: inputenc 2024/02/08 v1.3d Input encoding file
\inpenc@prehook=\toks19
\inpenc@posthook=\toks20
) (d:/Programs/texlive/2026/texmf-dist/tex/latex/lm/lmodern.sty
Package: lmodern 2015/05/01 v1.6.1 Latin Modern Fonts
LaTeX Font Info:    Overwriting symbol font `operators' in version `normal'
(Font)                  OT1/cmr/m/n --> OT1/lmr/m/n on input line 22.
LaTeX Font Info:    Overwriting symbol font `letters' in version `normal'
(Font)                  OML/cmm/m/it --> OML/lmm/m/it on input line 23.
LaTeX Font Info:    Overwriting symbol font `symbols' in version `normal'
(Font)                  OMS/cmsy/m/n --> OMS/lmsy/m/n on input line 24.
LaTeX Font Info:    Overwriting symbol font `largesymbols' in version `normal'
(Font)                  OMX/cmex/m/n --> OMX/lmex/m/n on input line 25.
LaTeX Font Info:    Overwriting symbol font `operators' in version `bold'
(Font)                  OT1/cmr/bx/n --> OT1/lmr/bx/n on input line 26.
LaTeX Font Info:    Overwriting symbol font `letters' in version `bold'
(Font)                  OML/cmm/b/it --> OML/lmm/b/it on input line 27.
LaTeX Font Info:    Overwriting symbol font `symbols' in version `bold'
(Font)                  OMS/cmsy/b/n --> OMS/lmsy/b/n on input line 28.
LaTeX Font Info:    Overwriting symbol font `largesymbols' in version `bold'
(Font)                  OMX/cmex/m/n --> OMX/lmex/m/n on input line 29.
LaTeX Font Info:    Overwriting math alphabet `\mathbf' in version `normal'
(Font)                  OT1/cmr/bx/n --> OT1/lmr/bx/n on input line 31.
LaTeX Font Info:    Overwriting math alphabet `\mathsf' in version `normal'
(Font)                  OT1/cmss/m/n --> OT1/lmss/m/n on input line 32.
LaTeX Font Info:    Overwriting math alphabet `\mathit' in version `normal'
(Font)                  OT1/cmr/m/it --> OT1/lmr/m/it on input line 33.
LaTeX Font Info:    Overwriting math alphabet `\mathtt' in version `normal'
(Font)                  OT1/cmtt/m/n --> OT1/lmtt/m/n on input line 34.
LaTeX Font Info:    Overwriting math alphabet `\mathbf' in version `bold'
(Font)                  OT1/cmr/bx/n --> OT1/lmr/bx/n on input line 35.
LaTeX Font Info:    Overwriting math alphabet `\mathsf' in version `bold'
(Font)                  OT1/cmss/bx/n --> OT1/lmss/bx/n on input line 36.
LaTeX Font Info:    Overwriting math alphabet `\mathit' in version `bold'
(Font)                  OT1/cmr/bx/it --> OT1/lmr/bx/it on input line 37.
LaTeX Font Info:    Overwriting math alphabet `\mathtt' in version `bold'
(Font)                  OT1/cmtt/m/n --> OT1/lmtt/m/n on input line 38.
) (d:/Programs/texlive/2026/texmf-dist/tex/latex/graphics/graphicx.sty
Package: graphicx 2024/12/31 v1.2e Enhanced LaTeX Graphics (DPC,SPQR)
 (d:/Programs/texlive/2026/texmf-dist/tex/latex/graphics/graphics.sty
Package: graphics 2024/08/06 v1.4g Standard LaTeX Graphics (DPC,SPQR)
 (d:/Programs/texlive/2026/texmf-dist/tex/latex/graphics/trig.sty
Package: trig 2023/12/02 v1.11 sin cos tan (DPC)
) (d:/Programs/texlive/2026/texmf-dist/tex/latex/graphics-cfg/graphics.cfg
File: graphics.cfg 2016/06/04 v1.11 sample graphics configuration
)
Package graphics Info: Driver file: pdftex.def on input line 106.
 (d:/Programs/texlive/2026/texmf-dist/tex/latex/graphics-def/pdftex.def
File: pdftex.def 2025/09/29 v1.2d Graphics/color driver for pdftex
))
\Gin@req@height=\dimen159
\Gin@req@width=\dimen160
) (d:/Programs/texlive/2026/texmf-dist/tex/latex/hyperref/hyperref.sty
Package: hyperref 2026-04-24 v7.01q Hypertext links for LaTeX
 (d:/Programs/texlive/2026/texmf-dist/tex/latex/kvsetkeys/kvsetkeys.sty
Package: kvsetkeys 2022-10-05 v1.19 Key value parser (HO)
) (d:/Programs/texlive/2026/texmf-dist/tex/generic/kvdefinekeys/kvdefinekeys.sty
Package: kvdefinekeys 2019-12-19 v1.6 Define keys (HO)
) (d:/Programs/texlive/2026/texmf-dist/tex/generic/pdfescape/pdfescape.sty
Package: pdfescape 2019/12/09 v1.15 Implements pdfTeX's escape features (HO)
 (d:/Programs/texlive/2026/texmf-dist/tex/generic/ltxcmds/ltxcmds.sty
Package: ltxcmds 2023-12-04 v1.26 LaTeX kernel commands for general use (HO)
) (d:/Programs/texlive/2026/texmf-dist/tex/generic/pdftexcmds/pdftexcmds.sty
Package: pdftexcmds 2020-06-27 v0.33 Utility functions of pdfTeX for LuaTeX (HO)
 (d:/Programs/texlive/2026/texmf-dist/tex/generic/infwarerr/infwarerr.sty
Package: infwarerr 2019/12/03 v1.5 Providing info/warning/error messages (HO)
)
Package pdftexcmds Info: \pdf@primitive is available.
Package pdftexcmds Info: \pdf@ifprimitive is available.
Package pdftexcmds Info: \pdfdraftmode found.
)) (d:/Programs/texlive/2026/texmf-dist/tex/latex/hycolor/hycolor.sty
Package: hycolor 2020-01-27 v1.10 Color options for hyperref/bookmark (HO)
) (d:/Programs/texlive/2026/texmf-dist/tex/latex/hyperref/nameref.sty
Package: nameref 2026-01-29 v2.58 Cross-referencing by name of section
 (d:/Programs/texlive/2026/texmf-dist/tex/latex/refcount/refcount.sty
Package: refcount 2019/12/15 v3.6 Data extraction from label references (HO)
) (d:/Programs/texlive/2026/texmf-dist/tex/generic/gettitlestring/gettitlestring.sty
Package: gettitlestring 2019/12/15 v1.6 Cleanup title references (HO)
 (d:/Programs/texlive/2026/texmf-dist/tex/latex/kvoptions/kvoptions.sty
Package: kvoptions 2022-06-15 v3.15 Key value format for package options (HO)
))
\c@section@level=\count287
) (d:/Programs/texlive/2026/texmf-dist/tex/latex/etoolbox/etoolbox.sty
Package: etoolbox 2025/10/02 v2.5m e-TeX tools for LaTeX (JAW)
\etb@tempcnta=\count288
) (d:/Programs/texlive/2026/texmf-dist/tex/generic/stringenc/stringenc.sty
Package: stringenc 2019/11/29 v1.12 Convert strings between diff. encodings (HO)
)
\@linkdim=\dimen161
\Hy@linkcounter=\count289
\Hy@pagecounter=\count290
 (d:/Programs/texlive/2026/texmf-dist/tex/latex/hyperref/pd1enc.def
File: pd1enc.def 2026-04-24 v7.01q Hyperref: PDFDocEncoding definition (HO)
Now handling font encoding PD1 ...
... no UTF-8 mapping file for font encoding PD1
) (d:/Programs/texlive/2026/texmf-dist/tex/generic/intcalc/intcalc.sty
Package: intcalc 2019/12/15 v1.3 Expandable calculations with integers (HO)
)
\Hy@SavedSpaceFactor=\count291
 (d:/Programs/texlive/2026/texmf-dist/tex/latex/hyperref/puenc.def
File: puenc.def 2026-04-24 v7.01q Hyperref: PDF Unicode definition (HO)
Now handling font encoding PU ...
... no UTF-8 mapping file for font encoding PU
)
Package hyperref Info: Hyper figures OFF on input line 4199.
Package hyperref Info: Link nesting OFF on input line 4204.
Package hyperref Info: Hyper index ON on input line 4207.
Package hyperref Info: Plain pages OFF on input line 4214.
Package hyperref Info: Backreferencing OFF on input line 4219.
Package hyperref Info: Implicit mode ON; LaTeX internals redefined.
Package hyperref Info: Bookmarks ON on input line 4466.
\c@Hy@tempcnt=\count292
 (d:/Programs/texlive/2026/texmf-dist/tex/latex/url/url.sty
\Urlmuskip=\muskip17
Package: url 2013/09/16  ver 3.4  Verb mode for urls, etc.
)
LaTeX Info: Redefining \url on input line 4805.
\XeTeXLinkMargin=\dimen162
 (d:/Programs/texlive/2026/texmf-dist/tex/generic/bitset/bitset.sty
Package: bitset 2019/12/09 v1.3 Handle bit-vector datatype (HO)
 (d:/Programs/texlive/2026/texmf-dist/tex/generic/bigintcalc/bigintcalc.sty
Package: bigintcalc 2019/12/15 v1.5 Expandable calculations on big integers (HO)
))
\Fld@menulength=\count293
\Field@Width=\dimen163
\Fld@charsize=\dimen164
Package hyperref Info: Hyper figures OFF on input line 6091.
Package hyperref Info: Link nesting OFF on input line 6096.
Package hyperref Info: Hyper index ON on input line 6099.
Package hyperref Info: backreferencing OFF on input line 6106.
Package hyperref Info: Link coloring OFF on input line 6111.
Package hyperref Info: Link coloring with OCG OFF on input line 6116.
Package hyperref Info: PDF/A mode OFF on input line 6121.
\Hy@abspage=\count294
\c@Item=\count295
\c@Hfootnote=\count296
)
Package hyperref Info: Driver (autodetected): hpdftex.
 (d:/Programs/texlive/2026/texmf-dist/tex/latex/hyperref/hpdftex.def
File: hpdftex.def 2026-04-24 v7.01q Hyperref driver for pdfTeX
\Fld@listcount=\count297
\c@bookmark@seq@number=\count298
 (d:/Programs/texlive/2026/texmf-dist/tex/latex/rerunfilecheck/rerunfilecheck.sty
Package: rerunfilecheck 2025-06-21 v1.11 Rerun checks for auxiliary files (HO)
 (d:/Programs/texlive/2026/texmf-dist/tex/generic/uniquecounter/uniquecounter.sty
Package: uniquecounter 2019/12/15 v1.4 Provide unlimited unique counter (HO)
)
Package uniquecounter Info: New unique counter `rerunfilecheck' on input line 284.
)
\Hy@SectionHShift=\skip51
) (d:/Programs/texlive/2026/texmf-dist/tex/latex/enumitem/enumitem.sty
Package: enumitem 2025/02/06 v3.11 Customized lists
\labelindent=\skip52
\enit@outerparindent=\dimen165
\enit@toks=\toks21
\enit@inbox=\box53
\enit@count@id=\count299
\enitdp@description=\count300
) (d:/Programs/texlive/2026/texmf-dist/tex/latex/booktabs/booktabs.sty
Package: booktabs 2020/01/12 v1.61803398 Publication quality tables
\heavyrulewidth=\dimen166
\lightrulewidth=\dimen167
\cmidrulewidth=\dimen168
\belowrulesep=\dimen169
\belowbottomsep=\dimen170
\aboverulesep=\dimen171
\abovetopsep=\dimen172
\cmidrulesep=\dimen173
\cmidrulekern=\dimen174
\defaultaddspace=\dimen175
\@cmidla=\count301
\@cmidlb=\count302
\@aboverulesep=\dimen176
\@belowrulesep=\dimen177
\@thisruleclass=\count303
\@lastruleclass=\count304
\@thisrulewidth=\dimen178
) (d:/Programs/texlive/2026/texmf-dist/tex/latex/tools/longtable.sty
Package: longtable 2025-10-13 v4.24 Multi-page Table package (DPC)
\LTleft=\skip53
\LTright=\skip54
\LTpre=\skip55
\LTpost=\skip56
\LTchunksize=\count305
\LTcapwidth=\dimen179
\LT@head=\box54
\LT@firsthead=\box55
\LT@foot=\box56
\LT@lastfoot=\box57
\LT@gbox=\box58
\LT@cols=\count306
\LT@rows=\count307
\c@LT@tables=\count308
\c@LT@chunks=\count309
\LT@p@ftn=\toks22
) (d:/Programs/texlive/2026/texmf-dist/tex/latex/tools/array.sty
Package: array 2025/09/25 v2.6n Tabular extension package (FMi)
\col@sep=\dimen180
\ar@mcellbox=\box59
\extrarowheight=\dimen181
\NC@list=\toks23
\extratabsurround=\skip57
\backup@length=\skip58
\ar@cellbox=\box60
) (d:/Programs/texlive/2026/texmf-dist/tex/latex/float/float.sty
Package: float 2001/11/08 v1.3d Float enhancements (AL)
\c@float@type=\count310
\float@exts=\toks24
\float@box=\box61
\@float@everytoks=\toks25
\@floatcapt=\box62
) (d:/Programs/texlive/2026/texmf-dist/tex/latex/setspace/setspace.sty
Package: setspace 2022/12/04 v6.7b set line spacing
)
LaTeX Font Info:    Trying to load font information for T1+lmr on input line 24.
 (d:/Programs/texlive/2026/texmf-dist/tex/latex/lm/t1lmr.fd
File: t1lmr.fd 2015/05/01 v1.6.1 Font defs for Latin Modern
) (d:/Programs/texlive/2026/texmf-dist/tex/latex/l3backend/l3backend-pdftex.def
File: l3backend-pdftex.def 2026-02-18 L3 backend support: PDF output (pdfTeX)
\l__color_backend_stack_int=\count311
) (./Panda_Scooter_design_report.aux)
\openout1 = `Panda_Scooter_design_report.aux'.

LaTeX Font Info:    Checking defaults for OML/cmm/m/it on input line 24.
LaTeX Font Info:    ... okay on input line 24.
LaTeX Font Info:    Checking defaults for OMS/cmsy/m/n on input line 24.
LaTeX Font Info:    ... okay on input line 24.
LaTeX Font Info:    Checking defaults for OT1/cmr/m/n on input line 24.
LaTeX Font Info:    ... okay on input line 24.
LaTeX Font Info:    Checking defaults for T1/cmr/m/n on input line 24.
LaTeX Font Info:    ... okay on input line 24.
LaTeX Font Info:    Checking defaults for TS1/cmr/m/n on input line 24.
LaTeX Font Info:    ... okay on input line 24.
LaTeX Font Info:    Checking defaults for OMX/cmex/m/n on input line 24.
LaTeX Font Info:    ... okay on input line 24.
LaTeX Font Info:    Checking defaults for U/cmr/m/n on input line 24.
LaTeX Font Info:    ... okay on input line 24.
LaTeX Font Info:    Checking defaults for PD1/pdf/m/n on input line 24.
LaTeX Font Info:    ... okay on input line 24.
LaTeX Font Info:    Checking defaults for PU/pdf/m/n on input line 24.
LaTeX Font Info:    ... okay on input line 24.

*geometry* driver: auto-detecting
*geometry* detected driver: pdftex
*geometry* verbose mode - [ preamble ] result:
* driver: pdftex
* paper: a4paper
* layout: <same size as paper>
* layoutoffset:(h,v)=(0.0pt,0.0pt)
* modes: 
* h-part:(L,W,R)=(72.26999pt, 452.9679pt, 72.26999pt)
* v-part:(T,H,B)=(72.26999pt, 700.50687pt, 72.26999pt)
* \paperwidth=597.50787pt
* \paperheight=845.04684pt
* \textwidth=452.9679pt
* \textheight=700.50687pt
* \oddsidemargin=0.0pt
* \evensidemargin=0.0pt
* \topmargin=-37.0pt
* \headheight=12.0pt
* \headsep=25.0pt
* \topskip=12.0pt
* \footskip=30.0pt
* \marginparwidth=35.0pt
* \marginparsep=10.0pt
* \columnsep=10.0pt
* \skip\footins=10.8pt plus 4.0pt minus 2.0pt
* \hoffset=0.0pt
* \voffset=0.0pt
* \mag=1000
* \@twocolumnfalse
* \@twosidefalse
* \@mparswitchfalse
* \@reversemarginfalse
* (1in=72.27pt=25.4mm, 1cm=28.453pt)

(d:/Programs/texlive/2026/texmf-dist/tex/context/base/mkii/supp-pdf.mkii
[Loading MPS to PDF converter (version 2006.09.02).]
\scratchcounter=\count312
\scratchdimen=\dimen182
\scratchbox=\box63
\nofMPsegments=\count313
\nofMParguments=\count314
\everyMPshowfont=\toks26
\MPscratchCnt=\count315
\MPscratchDim=\dimen183
\MPnumerator=\count316
\makeMPintoPDFobject=\count317
\everyMPtoPDFconversion=\toks27
) (d:/Programs/texlive/2026/texmf-dist/tex/latex/epstopdf-pkg/epstopdf-base.sty
Package: epstopdf-base 2020-01-24 v2.11 Base part for package epstopdf
Package epstopdf-base Info: Redefining graphics rule for `.eps' on input line 485.
 (d:/Programs/texlive/2026/texmf-dist/tex/latex/latexconfig/epstopdf-sys.cfg
File: epstopdf-sys.cfg 2010/07/13 v1.3 Configuration of (r)epstopdf for TeX Live
))
Package hyperref Info: Link coloring OFF on input line 24.
 (./Panda_Scooter_design_report.out) (./Panda_Scooter_design_report.out)
\@outlinefile=\write3
\openout3 = `Panda_Scooter_design_report.out'.

LaTeX Font Info:    Trying to load font information for OT1+lmr on input line 26.
 (d:/Programs/texlive/2026/texmf-dist/tex/latex/lm/ot1lmr.fd
File: ot1lmr.fd 2015/05/01 v1.6.1 Font defs for Latin Modern
)
LaTeX Font Info:    Trying to load font information for OML+lmm on input line 26.
 (d:/Programs/texlive/2026/texmf-dist/tex/latex/lm/omllmm.fd
File: omllmm.fd 2015/05/01 v1.6.1 Font defs for Latin Modern
)
LaTeX Font Info:    Trying to load font information for OMS+lmsy on input line 26.
 (d:/Programs/texlive/2026/texmf-dist/tex/latex/lm/omslmsy.fd
File: omslmsy.fd 2015/05/01 v1.6.1 Font defs for Latin Modern
)
LaTeX Font Info:    Trying to load font information for OMX+lmex on input line 26.
 (d:/Programs/texlive/2026/texmf-dist/tex/latex/lm/omxlmex.fd
File: omxlmex.fd 2015/05/01 v1.6.1 Font defs for Latin Modern
)
LaTeX Font Info:    External font `lmex10' loaded for size
(Font)              <14.4> on input line 26.
LaTeX Font Info:    External font `lmex10' loaded for size
(Font)              <10> on input line 26.
LaTeX Font Info:    External font `lmex10' loaded for size
(Font)              <7> on input line 26.
 (./Panda_Scooter_design_report.toc
LaTeX Font Info:    External font `lmex10' loaded for size
(Font)              <12> on input line 3.
LaTeX Font Info:    External font `lmex10' loaded for size
(Font)              <8> on input line 3.
LaTeX Font Info:    External font `lmex10' loaded for size
(Font)              <6> on input line 3.
 [1

{d:/Programs/texlive/2026/texmf-var/fonts/map/pdftex/updmap/pdftex.map}{d:/Programs/texlive/2026/texmf-dist/fonts/enc/dvips/lm/lm-ec.enc}])
\tf@toc=\write4
\openout4 = `Panda_Scooter_design_report.toc'.

 [2]
Underfull \hbox (badness 10000) in paragraph at lines 44--44
[]|\T1/lmr/m/n/12 Dispatcher mo-bile
 []


Underfull \hbox (badness 10000) in paragraph at lines 45--45
[]|\T1/lmr/m/n/12 Administrator web
 []


Underfull \hbox (badness 1715) in paragraph at lines 45--46
[]|\T1/lmr/m/n/12 Fleet mon-i-tor-ing, zone man-age-ment, park-ing
 []


Underfull \hbox (badness 4752) in paragraph at lines 71--72
[]|\T1/lmr/m/n/12 Scooter dis-cov-ery, un-lock
 []


Underfull \hbox (badness 2941) in paragraph at lines 72--73
\T1/lmr/m/n/12 er-a-tions, scooter in-for-ma-
 []


Underfull \hbox (badness 10000) in paragraph at lines 73--74
[]|\T1/lmr/m/n/12 Dashboard mon-i-tor-ing,
 []


Overfull \hbox (2.70734pt too wide) in paragraph at lines 67--76
 [][] 
 []

[3
pdfTeX warning (ext4): destination with the same identifier (name{table.1}) has been already used, duplicate ignored
<argument> ...shipout:D \box_use:N \l_shipout_box 
                                                  \__shipout_drop_firstpage_...
l.77 \end{table}
                ]
Underfull \hbox (badness 10000) in paragraph at lines 109--109
[]|\T1/lmr/m/n/12 Functional con-
 []


Underfull \hbox (badness 4341) in paragraph at lines 110--110
[]|\T1/lmr/m/n/12 Non-functional con-
 []

[4
pdfTeX warning (ext4): destination with the same identifier (name{table.2}) has been already used, duplicate ignored
<argument> ...shipout:D \box_use:N \l_shipout_box 
                                                  \__shipout_drop_firstpage_...
l.115 
      
pdfTeX warning (ext4): destination with the same identifier (name{table.3}) has been already used, duplicate ignored
<argument> ...shipout:D \box_use:N \l_shipout_box 
                                                  \__shipout_drop_firstpage_...
l.115 
      ]
<deployment_diagram.png, id=199, 1541.76pt x 1027.84pt>
File: deployment_diagram.png Graphic file (type png)
<use deployment_diagram.png>
Package pdftex.def Info: deployment_diagram.png  used on input line 120.
(pdftex.def)             Requested size: 452.9679pt x 301.97118pt.
 [5
pdfTeX warning (ext4): destination with the same identifier (name{table.4}) has been already used, duplicate ignored
<argument> ...shipout:D \box_use:N \l_shipout_box 
                                                  \__shipout_drop_firstpage_...
l.129 
      
pdfTeX warning (ext4): destination with the same identifier (name{figure.1}) has been already used, duplicate ignored
<argument> ...shipout:D \box_use:N \l_shipout_box 
                                                  \__shipout_drop_firstpage_...
l.129 
       <./deployment_diagram.png (PNG copy)>]
<system_architacture.png, id=206, 830.448pt x 327.624pt>
File: system_architacture.png Graphic file (type png)
<use system_architacture.png>
Package pdftex.def Info: system_architacture.png  used on input line 134.
(pdftex.def)             Requested size: 452.9679pt x 178.704pt.

Underfull \hbox (badness 10000) in paragraph at lines 148--148
[]|\T1/lmr/m/n/12 Rider mini-
 []


Underfull \hbox (badness 10000) in paragraph at lines 149--149
[]|\T1/lmr/m/n/12 Dispatcher
 []

LaTeX Font Info:    Trying to load font information for T1+lmtt on input line 168.
(d:/Programs/texlive/2026/texmf-dist/tex/latex/lm/t1lmtt.fd
File: t1lmtt.fd 2015/05/01 v1.6.1 Font defs for Latin Modern
) [6
pdfTeX warning (ext4): destination with the same identifier (name{figure.2}) has been already used, duplicate ignored
<argument> ...shipout:D \box_use:N \l_shipout_box 
                                                  \__shipout_drop_firstpage_...
l.174 \end{table}
                 
pdfTeX warning (ext4): destination with the same identifier (name{table.5}) has been already used, duplicate ignored
<argument> ...shipout:D \box_use:N \l_shipout_box 
                                                  \__shipout_drop_firstpage_...
l.174 \end{table}
                  <./system_architacture.png>]
Underfull \hbox (badness 4181) in paragraph at lines 188--189
[]|\T1/lmr/m/n/12 Stores users, scoot-ers, or-ders, wal-let
 []


Underfull \hbox (badness 4505) in paragraph at lines 188--189
\T1/lmr/m/n/12 records, sub-scrip-tions, zones, park-ing
 []


Underfull \hbox (badness 2495) in paragraph at lines 191--192
[]|\T1/lmr/m/n/12 Stores up-loaded files, es-pe-cially fault-
 []

[7
pdfTeX warning (ext4): destination with the same identifier (name{table.6}) has been already used, duplicate ignored
<argument> ...shipout:D \box_use:N \l_shipout_box 
                                                  \__shipout_drop_firstpage_...
l.202 
      
pdfTeX warning (ext4): destination with the same identifier (name{table.7}) has been already used, duplicate ignored
<argument> ...shipout:D \box_use:N \l_shipout_box 
                                                  \__shipout_drop_firstpage_...
l.202 
      ]
Underfull \hbox (badness 10000) in paragraph at lines 218--218
[]|\T1/lmr/m/n/12 Dispatcher
 []


Underfull \hbox (badness 3281) in paragraph at lines 218--219
[]|\T1/lmr/m/n/12 Scooter lookup, dis-patch ac-tions,
 []


Underfull \hbox (badness 10000) in paragraph at lines 219--219
[]|\T1/lmr/m/n/12 Platform main-te-nance
 []


Underfull \hbox (badness 10000) in paragraph at lines 220--220
[]|\T1/lmr/m/n/12 Cross-module busi-ness
 []


Underfull \hbox (badness 10000) in paragraph at lines 237--237
[]|\T1/lmr/m/n/12 Account man-age-
 []


Underfull \hbox (badness 10000) in paragraph at lines 237--237
[]|\T1/lmtt/m/n/12 login\T1/lmr/m/n/12 , \T1/lmtt/m/n/12 resetPassword\T1/lmr/m/n/12 ,
 []


Underfull \hbox (badness 3954) in paragraph at lines 237--238
[]|\T1/lmr/m/n/12 Registration, lo-gin, lo-gout,
 []


Underfull \hbox (badness 5119) in paragraph at lines 241--241
[]|\T1/lmr/m/n/12 Fault and pack-age
 []

[8
pdfTeX warning (ext4): destination with the same identifier (name{table.8}) has been already used, duplicate ignored
<argument> ...shipout:D \box_use:N \l_shipout_box 
                                                  \__shipout_drop_firstpage_...
l.246 
      ]
<rider_module_flow.png, id=229, 1606.0pt x 903.375pt>
File: rider_module_flow.png Graphic file (type png)
<use rider_module_flow.png>
Package pdftex.def Info: rider_module_flow.png  used on input line 251.
(pdftex.def)             Requested size: 452.9679pt x 254.79037pt.

Underfull \hbox (badness 10000) in paragraph at lines 265--265
[]|\T1/lmr/m/n/12 Account man-age-
 []


Underfull \hbox (badness 10000) in paragraph at lines 265--265
[]|\T1/lmtt/m/n/12 login\T1/lmr/m/n/12 , \T1/lmtt/m/n/12 resetPassword\T1/lmr/m/n/12 ,
 []


Underfull \hbox (badness 3954) in paragraph at lines 265--266
[]|\T1/lmr/m/n/12 Registration, lo-gin, lo-gout,
 []


Underfull \hbox (badness 10000) in paragraph at lines 265--266
\T1/lmr/m/n/12 dele-tion, ver-i-fi-ca-tion, and
 []


Underfull \hbox (badness 10000) in paragraph at lines 266--266
[]|\T1/lmtt/m/n/12 index\T1/lmr/m/n/12 , \T1/lmtt/m/n/12 vehicleLookup\T1/lmr/m/n/12 ,
 []


Underfull \hbox (badness 10000) in paragraph at lines 266--267
[]|\T1/lmr/m/n/12 Map in-spec-tion, scooter
 []


Underfull \hbox (badness 5862) in paragraph at lines 267--268
[]|\T1/lmr/m/n/12 Operational scooter un-lock
 []


Underfull \hbox (badness 1092) in paragraph at lines 268--269
[]|\T1/lmr/m/n/12 Dispatch his-tory and trace-
 []

[9
pdfTeX warning (ext4): destination with the same identifier (name{table.9}) has been already used, duplicate ignored
<argument> ...shipout:D \box_use:N \l_shipout_box 
                                                  \__shipout_drop_firstpage_...
l.273 
      
pdfTeX warning (ext4): destination with the same identifier (name{figure.3}) has been already used, duplicate ignored
<argument> ...shipout:D \box_use:N \l_shipout_box 
                                                  \__shipout_drop_firstpage_...
l.273 
       <./rider_module_flow.png (PNG copy)>]
<dispatcher_module_flow.png, id=236, 1606.0pt x 903.375pt>
File: dispatcher_module_flow.png Graphic file (type png)
<use dispatcher_module_flow.png>
Package pdftex.def Info: dispatcher_module_flow.png  used on input line 278.
(pdftex.def)             Requested size: 452.9679pt x 254.79037pt.

Underfull \hbox (badness 10000) in paragraph at lines 294--294
[]|\T1/lmtt/m/n/12 ZonesView\T1/lmr/m/n/12 ,
 []


Underfull \hbox (badness 10000) in paragraph at lines 294--294
\T1/lmtt/m/n/12 ZoneEditorView\T1/lmr/m/n/12 ,
 []


Underfull \hbox (badness 10000) in paragraph at lines 295--295
[]|\T1/lmtt/m/n/12 ParkingPointsView\T1/lmr/m/n/12 ,
 []


Underfull \hbox (badness 10000) in paragraph at lines 295--295
\T1/lmtt/m/n/12 ParkingPointEditorView\T1/lmr/m/n/12 ,
 []


Underfull \hbox (badness 10000) in paragraph at lines 295--295
\T1/lmtt/m/n/12 NoParkingZonesView\T1/lmr/m/n/12 ,
 []


Underfull \hbox (badness 10000) in paragraph at lines 296--296
[]|\T1/lmtt/m/n/12 PricingView\T1/lmr/m/n/12 ,
 []


Underfull \hbox (badness 10000) in paragraph at lines 297--297
[]|\T1/lmtt/m/n/12 DispatchersView\T1/lmr/m/n/12 ,
 []


Underfull \hbox (badness 10000) in paragraph at lines 297--298
[]|\T1/lmr/m/n/12 Dispatcher ad-min-is-tra-tion
 []

[10
pdfTeX warning (ext4): destination with the same identifier (name{table.10}) has been already used, duplicate ignored
<argument> ...shipout:D \box_use:N \l_shipout_box 
                                                  \__shipout_drop_firstpage_...
l.302 
      
pdfTeX warning (ext4): destination with the same identifier (name{figure.4}) has been already used, duplicate ignored
<argument> ...shipout:D \box_use:N \l_shipout_box 
                                                  \__shipout_drop_firstpage_...
l.302 
       <./dispatcher_module_flow.png (PNG copy)>]
Underfull \hbox (badness 10000) in paragraph at lines 315--315
\T1/lmr/m/n/12 unpaid-order pay-ment,
 []


Underfull \hbox (badness 4660) in paragraph at lines 316--316
[]|\T1/lmr/m/n/12 Wallet de-duc-tion, bill
 []


Underfull \hbox (badness 3690) in paragraph at lines 317--317
\T1/lmr/m/n/12 and online-status sup-
 []

<shared_backend_services_relationship_clean.png, id=243, 1505.625pt x 823.075pt>
File: shared_backend_services_relationship_clean.png Graphic file (type png)
<use shared_backend_services_relationship_clean.png>
Package pdftex.def Info: shared_backend_services_relationship_clean.png  used on input line 327.
(pdftex.def)             Requested size: 452.9679pt x 247.61514pt.
[11
pdfTeX warning (ext4): destination with the same identifier (name{table.11}) has been already used, duplicate ignored
<argument> ...shipout:D \box_use:N \l_shipout_box 
                                                  \__shipout_drop_firstpage_...
l.330 
      
pdfTeX warning (ext4): destination with the same identifier (name{table.12}) has been already used, duplicate ignored
<argument> ...shipout:D \box_use:N \l_shipout_box 
                                                  \__shipout_drop_firstpage_...
l.330 
      ]
Overfull \hbox (23.84657pt too wide) in paragraph at lines 351--351
[]|\T1/lmtt/m/n/12 subscription_package|  
 []


Overfull \hbox (5.32156pt too wide) in paragraph at lines 352--352
[]|\T1/lmtt/m/n/12 user_subscription|  
 []


ignored: Infinite glue shrinkage found in box being split [12
pdfTeX warning (ext4): destination with the same identifier (name{figure.5}) has been already used, duplicate ignored
<argument> ...shipout:D \box_use:N \l_shipout_box 
                                                  \__shipout_drop_firstpage_...
l.359 \end{longtable}
                      <./shared_backend_services_relationship_clean.png (PNG copy)>]
ignored: Infinite glue shrinkage found in box being split [13]
<entity_relationship_diagram.png, id=261, 1541.76pt x 1027.84pt>
File: entity_relationship_diagram.png Graphic file (type png)
<use entity_relationship_diagram.png>
Package pdftex.def Info: entity_relationship_diagram.png  used on input line 369.
(pdftex.def)             Requested size: 452.9679pt x 301.97118pt.
 [14
pdfTeX warning (ext4): destination with the same identifier (name{figure.6}) has been already used, duplicate ignored
<argument> ...shipout:D \box_use:N \l_shipout_box 
                                                  \__shipout_drop_firstpage_...
l.377 \subsection
                 {API inventory compiled from the documentation} <./entity_relationship_diagram.png (PNG copy)>]
Underfull \hbox (badness 10000) in paragraph at lines 385--385
[]|\T1/lmr/bx/n/12 Endpoint
 []


Underfull \hbox (badness 10000) in paragraph at lines 389--390
\T1/lmr/m/n/12 no-parking, dis-patcher, park-ing
 []


Underfull \hbox (badness 1077) in paragraph at lines 402--402
[]|\T1/lmtt/m/n/12 POST /user/signin\T1/lmr/m/n/12 , \T1/lmtt/m/n/12 POST /user/login\T1/lmr/m/n/12 , \T1/lmtt/m/n/12 POST
 []


Underfull \hbox (badness 10000) in paragraph at lines 402--402
\T1/lmtt/m/n/12 /user/logout\T1/lmr/m/n/12 , \T1/lmtt/m/n/12 DELETE /user/delete\T1/lmr/m/n/12 , \T1/lmtt/m/n/12 GET
 []


Underfull \hbox (badness 3396) in paragraph at lines 402--403
\T1/lmr/m/n/12 tra-tion, lo-
 []


Underfull \hbox (badness 1024) in paragraph at lines 402--403
\T1/lmr/m/n/12 gin, lo-gout,
 []


Underfull \hbox (badness 10000) in paragraph at lines 402--403
\T1/lmr/m/n/12 dele-tion,
 []


Underfull \hbox (badness 10000) in paragraph at lines 402--403
\T1/lmr/m/n/12 ver-i-fi-ca-
 []


Underfull \hbox (badness 10000) in paragraph at lines 402--403
\T1/lmr/m/n/12 tion, and
 []


Underfull \hbox (badness 10000) in paragraph at lines 402--403
\T1/lmr/m/n/12 pass-word
 []


Underfull \hbox (badness 10000) in paragraph at lines 403--403
[]|\T1/lmtt/m/n/12 POST /user/bill\T1/lmr/m/n/12 , \T1/lmtt/m/n/12 GET /user/bills\T1/lmr/m/n/12 , \T1/lmtt/m/n/12 GET
 []


Underfull \hbox (badness 10000) in paragraph at lines 403--404
[]|\T1/lmr/m/n/12 Wallet
 []


Underfull \hbox (badness 5847) in paragraph at lines 403--404
\T1/lmr/m/n/12 charge and
 []


Underfull \hbox (badness 10000) in paragraph at lines 403--404
\T1/lmr/m/n/12 con-sump-
 []


Underfull \hbox (badness 1924) in paragraph at lines 403--404
\T1/lmr/m/n/12 bill his-tory,
 []


Underfull \hbox (badness 10000) in paragraph at lines 403--404
\T1/lmr/m/n/12 and wal-let
 []


Underfull \hbox (badness 2744) in paragraph at lines 404--404
\T1/lmtt/m/n/12 /user/info\T1/lmr/m/n/12 , \T1/lmtt/m/n/12 GET /map\T1/lmr/m/n/12 , \T1/lmtt/m/n/12 GET /scooter\T1/lmr/m/n/12 , \T1/lmtt/m/n/12 POST
 []


Underfull \hbox (badness 10000) in paragraph at lines 404--405
[]|\T1/lmr/m/n/12 Ride
 []


Underfull \hbox (badness 10000) in paragraph at lines 404--405
\T1/lmr/m/n/12 lookup,
 []


Underfull \hbox (badness 10000) in paragraph at lines 404--405
\T1/lmr/m/n/12 scooter
 []


Underfull \hbox (badness 10000) in paragraph at lines 404--405
\T1/lmr/m/n/12 dis-cov-ery,
 []


Underfull \hbox (badness 3312) in paragraph at lines 404--405
\T1/lmr/m/n/12 map query,
 []


Underfull \hbox (badness 10000) in paragraph at lines 404--405
\T1/lmr/m/n/12 un-lock/lock,
 []


Underfull \hbox (badness 10000) in paragraph at lines 404--405
\T1/lmr/m/n/12 unpaid-
 []


Underfull \hbox (badness 10000) in paragraph at lines 404--405
\T1/lmr/m/n/12 order pay-
 []


Underfull \hbox (badness 10000) in paragraph at lines 404--405
\T1/lmr/m/n/12 ment, and
 []


Underfull \hbox (badness 10000) in paragraph at lines 404--405
\T1/lmr/m/n/12 ride in-for-
 []


Underfull \hbox (badness 10000) in paragraph at lines 405--406
\T1/lmr/m/n/12 brows-ing,
 []


Underfull \hbox (badness 10000) in paragraph at lines 405--406
\T1/lmr/m/n/12 fault sub-
 []


Underfull \hbox (badness 10000) in paragraph at lines 405--406
\T1/lmr/m/n/12 sub-scrip-tion
 []


Underfull \hbox (badness 10000) in paragraph at lines 405--406
\T1/lmr/m/n/12 pack-age
 []


ignored: Infinite glue shrinkage found in box being split [15
pdfTeX warning (ext4): destination with the same identifier (name{table.14}) has been already used, duplicate ignored
<argument> ...shipout:D \box_use:N \l_shipout_box 
                                                  \__shipout_drop_firstpage_...
l.407 \end{longtable}
                     ]
LaTeX Font Info:    Trying to load font information for TS1+lmr on input line 410.
 (d:/Programs/texlive/2026/texmf-dist/tex/latex/lm/ts1lmr.fd
File: ts1lmr.fd 2015/05/01 v1.6.1 Font defs for Latin Modern
)
Underfull \hbox (badness 1077) in paragraph at lines 422--422
[]|\T1/lmtt/m/n/12 POST /user/signin\T1/lmr/m/n/12 , \T1/lmtt/m/n/12 POST /user/login\T1/lmr/m/n/12 , \T1/lmtt/m/n/12 POST
 []


Underfull \hbox (badness 10000) in paragraph at lines 422--422
\T1/lmtt/m/n/12 /user/logout\T1/lmr/m/n/12 , \T1/lmtt/m/n/12 DELETE /user/delete\T1/lmr/m/n/12 , \T1/lmtt/m/n/12 GET
 []


Underfull \hbox (badness 10000) in paragraph at lines 422--423
[]|\T1/lmr/m/n/12 Dispatcher
 []


Underfull \hbox (badness 10000) in paragraph at lines 422--423
\T1/lmr/m/n/12 reg-is-tra-
 []


Underfull \hbox (badness 3386) in paragraph at lines 422--423
\T1/lmr/m/n/12 tion, lo-gin,
 []


Underfull \hbox (badness 10000) in paragraph at lines 422--423
\T1/lmr/m/n/12 lo-gout,
 []


Underfull \hbox (badness 10000) in paragraph at lines 422--423
\T1/lmr/m/n/12 dele-tion,
 []


Underfull \hbox (badness 10000) in paragraph at lines 422--423
\T1/lmr/m/n/12 ver-i-fi-ca-
 []


Underfull \hbox (badness 10000) in paragraph at lines 422--423
\T1/lmr/m/n/12 tion, and
 []


Underfull \hbox (badness 10000) in paragraph at lines 422--423
\T1/lmr/m/n/12 pass-word
 []


Underfull \hbox (badness 4479) in paragraph at lines 423--423
[]|\T1/lmr/m/n/12 Operational in-for-
 []


Underfull \hbox (badness 10000) in paragraph at lines 423--424
[]|\T1/lmr/m/n/12 Dispatcher
 []


Underfull \hbox (badness 1348) in paragraph at lines 423--424
\T1/lmr/m/n/12 ma-tion and
 []


Underfull \hbox (badness 10000) in paragraph at lines 423--424
\T1/lmr/m/n/12 dis-patch
 []


Underfull \hbox (badness 4024) in paragraph at lines 424--424
[]|\T1/lmr/m/n/12 Map and scooter
 []


Underfull \hbox (badness 10000) in paragraph at lines 424--424
[]|\T1/lmtt/m/n/12 GET /map\T1/lmr/m/n/12 , \T1/lmtt/m/n/12 POST /scooter/unlock\T1/lmr/m/n/12 , \T1/lmtt/m/n/12 POST
 []


Underfull \hbox (badness 2005) in paragraph at lines 424--425
[]|\T1/lmr/m/n/12 Map query,
 []


Underfull \hbox (badness 3219) in paragraph at lines 424--425
\T1/lmr/m/n/12 scooter un-
 []


Underfull \hbox (badness 10000) in paragraph at lines 424--425
\T1/lmr/m/n/12 lock/lock,
 []


Underfull \hbox (badness 1038) in paragraph at lines 424--425
\T1/lmr/m/n/12 and scooter
 []


Underfull \hbox (badness 10000) in paragraph at lines 424--425
\T1/lmr/m/n/12 in-for-ma-tion
 []


ignored: Infinite glue shrinkage found in box being split [16{d:/Programs/texlive/2026/texmf-dist/fonts/enc/dvips/lm/lm-ts1.enc}]
Underfull \hbox (badness 10000) in paragraph at lines 441--442
[]|\T1/lmr/m/n/12 Dashboard
 []


Underfull \hbox (badness 10000) in paragraph at lines 441--442
\T1/lmr/m/n/12 real-time
 []


Underfull \hbox (badness 10000) in paragraph at lines 442--442
[]|\T1/lmtt/m/n/12 GET /admin/pricing-rules\T1/lmr/m/n/12 , \T1/lmtt/m/n/12 PUT
 []


Underfull \hbox (badness 10000) in paragraph at lines 442--443
[]|\T1/lmr/m/n/12 Pricing
 []


Underfull \hbox (badness 10000) in paragraph at lines 442--443
\T1/lmr/m/n/12 rule re-
 []


Underfull \hbox (badness 7486) in paragraph at lines 442--443
\T1/lmr/m/n/12 trieval and
 []


Underfull \hbox (badness 10000) in paragraph at lines 443--443
\T1/lmtt/m/n/12 PUT /admin/packages/{id}\T1/lmr/m/n/12 , \T1/lmtt/m/n/12 DELETE
 []


Overfull \hbox (0.623pt too wide) in paragraph at lines 443--444
[]|\T1/lmr/m/n/12 Subscription
 []


Underfull \hbox (badness 10000) in paragraph at lines 443--444
\T1/lmr/m/n/12 pack-age
 []


Underfull \hbox (badness 10000) in paragraph at lines 443--444
\T1/lmr/m/n/12 man-age-
 []


Underfull \hbox (badness 4181) in paragraph at lines 444--444
[]|\T1/lmtt/m/n/12 GET /admin/zones\T1/lmr/m/n/12 , \T1/lmtt/m/n/12 POST /admin/zones\T1/lmr/m/n/12 , \T1/lmtt/m/n/12 GET
 []


Underfull \hbox (badness 4279) in paragraph at lines 444--444
\T1/lmtt/m/n/12 /admin/zones/{id}\T1/lmr/m/n/12 , \T1/lmtt/m/n/12 PUT /admin/zones/{id}\T1/lmr/m/n/12 ,
 []


Underfull \hbox (badness 10000) in paragraph at lines 444--445
[]|\T1/lmr/m/n/12 Operational
 []


Underfull \hbox (badness 10000) in paragraph at lines 444--445
\T1/lmr/m/n/12 zone man-
 []


Underfull \hbox (badness 10000) in paragraph at lines 445--445
[]|\T1/lmtt/m/n/12 GET /admin/no-parking-zones\T1/lmr/m/n/12 , \T1/lmtt/m/n/12 POST
 []


Underfull \hbox (badness 10000) in paragraph at lines 445--445
\T1/lmtt/m/n/12 /admin/no-parking-zones\T1/lmr/m/n/12 , \T1/lmtt/m/n/12 PUT
 []


Underfull \hbox (badness 10000) in paragraph at lines 445--445
\T1/lmtt/m/n/12 /admin/no-parking-zones/{id}\T1/lmr/m/n/12 , \T1/lmtt/m/n/12 DELETE
 []


Underfull \hbox (badness 10000) in paragraph at lines 445--446
[]|\T1/lmr/m/n/12 No-parking
 []


Underfull \hbox (badness 10000) in paragraph at lines 445--446
\T1/lmr/m/n/12 poly-gon
 []


Underfull \hbox (badness 10000) in paragraph at lines 445--446
\T1/lmr/m/n/12 man-age-
 []


Underfull \hbox (badness 10000) in paragraph at lines 446--446
[]|\T1/lmtt/m/n/12 GET /admin/dispatchers\T1/lmr/m/n/12 , \T1/lmtt/m/n/12 POST
 []


Underfull \hbox (badness 10000) in paragraph at lines 446--446
\T1/lmtt/m/n/12 /admin/dispatchers\T1/lmr/m/n/12 , \T1/lmtt/m/n/12 PUT
 []


Underfull \hbox (badness 10000) in paragraph at lines 446--446
\T1/lmtt/m/n/12 /admin/dispatchers/{id}\T1/lmr/m/n/12 , \T1/lmtt/m/n/12 DELETE
 []


Underfull \hbox (badness 10000) in paragraph at lines 446--447
[]|\T1/lmr/m/n/12 Dispatcher
 []


Underfull \hbox (badness 10000) in paragraph at lines 446--447
\T1/lmr/m/n/12 ac-count
 []


Underfull \hbox (badness 10000) in paragraph at lines 446--447
\T1/lmr/m/n/12 man-age-
 []


Underfull \hbox (badness 10000) in paragraph at lines 447--447
[]|\T1/lmtt/m/n/12 GET /admin/parking-points\T1/lmr/m/n/12 , \T1/lmtt/m/n/12 POST
 []


Underfull \hbox (badness 10000) in paragraph at lines 447--447
\T1/lmtt/m/n/12 /admin/parking-points\T1/lmr/m/n/12 , \T1/lmtt/m/n/12 PUT
 []


Underfull \hbox (badness 10000) in paragraph at lines 447--447
\T1/lmtt/m/n/12 /admin/parking-points/{id}\T1/lmr/m/n/12 , \T1/lmtt/m/n/12 DELETE
 []


Underfull \hbox (badness 10000) in paragraph at lines 447--448
[]|\T1/lmr/m/n/12 Parking
 []


Underfull \hbox (badness 3861) in paragraph at lines 447--448
\T1/lmr/m/n/12 point man-
 []


Underfull \hbox (badness 10000) in paragraph at lines 448--449
[]|\T1/lmr/m/n/12 Fleet list
 []


ignored: Infinite glue shrinkage found in box being split [17] [18
pdfTeX warning (ext4): destination with the same identifier (name{table.18}) has been already used, duplicate ignored
<argument> ...shipout:D \box_use:N \l_shipout_box 
                                                  \__shipout_drop_firstpage_...
l.498 
      ]
Overfull \hbox (8.41666pt too wide) in paragraph at lines 530--531
\T1/lmr/m/n/12 The multi-module back-end struc-ture sep-a-rates com-mon util-i-ties, data ob-jects, and runnable
 []

[19
pdfTeX warning (ext4): destination with the same identifier (name{table.19}) has been already used, duplicate ignored
<argument> ...shipout:D \box_use:N \l_shipout_box 
                                                  \__shipout_drop_firstpage_...
l.531 
      
pdfTeX warning (ext4): destination with the same identifier (name{table.20}) has been already used, duplicate ignored
<argument> ...shipout:D \box_use:N \l_shipout_box 
                                                  \__shipout_drop_firstpage_...
l.531 
      ]
Underfull \hbox (badness 5817) in paragraph at lines 552--553
[]|\T1/lmr/m/n/12 Reduces unau-tho-rized ac-cess
 []


Underfull \hbox (badness 10000) in paragraph at lines 553--553
[]|\T1/lmr/m/n/12 Indexed re-la-tional ta-bles
 []


Underfull \hbox (badness 2012) in paragraph at lines 553--554
[]|\T1/lmr/m/n/12 Keeps re-quests bounded and
 []


Underfull \hbox (badness 1694) in paragraph at lines 555--555
[]|\T1/lmr/m/n/12 Global ex-cep-tion han-dling
 []

[20
pdfTeX warning (ext4): destination with the same identifier (name{table.21}) has been already used, duplicate ignored
<argument> ...shipout:D \box_use:N \l_shipout_box 
                                                  \__shipout_drop_firstpage_...
l.567 T
       he current implementation is already able to support the main busines...] [21] (./Panda_Scooter_design_report.aux)
 ***********
LaTeX2e <2025-11-01>
L3 programming layer <2026-04-28>
 ***********
Package rerunfilecheck Info: File `Panda_Scooter_design_report.out' has not changed.
(rerunfilecheck)             Checksum: 3734029EFB7C252EE0F11849C30379E8;5445.
 ) 
Here is how much of TeX's memory you used:
 10237 strings out of 467341
 161818 string characters out of 5414853
 589054 words of memory out of 5000000
 39109 multiletter control sequences out of 15000+600000
 675335 words of font info for 71 fonts, out of 8000000 for 9000
 1141 hyphenation exceptions out of 8191
 75i,10n,79p,555b,571s stack positions out of 10000i,1000n,20000p,200000b,200000s
<d:/Programs/texlive/2026/texmf-dist/fonts/type1/public/lm/lmbx12.pfb><d:/Programs/texlive/2026/texmf-dist/fonts/type1/public/lm/lmr12.pfb><d:/Programs/texlive/2026/texmf-dist/fonts/type1/public/lm/lmr17.pfb><d:/Programs/texlive/2026/texmf-dist/fonts/type1/public/lm/lmtt12.pfb>
Output written on Panda_Scooter_design_report.pdf (21 pages, 3426790 bytes).
PDF statistics:
 350 PDF objects out of 1000 (max. 8388607)
 307 compressed objects within 4 object streams
 84 named destinations out of 1000 (max. 500000)
 303 words of extra memory for PDF output out of 10000 (max. 10000000)

